{
    "homo_sapiens popgen - common predictors": {
        "content": [
            {
                "predictors": [
                    [
                        {
                            "id": "plink_simulated"
                        },
                        "plink_simulated.in:md5,127248de349af5a0ad0497e7c8eeac1d"
                    ]
                ],
                "progress": [
                    [
                        {
                            "id": "plink_simulated"
                        },
                        "plink_simulated.progress"
                    ]
                ],
                "versions_ldak6": [
                    [
                        "LDAK_THINCOMMON",
                        "ldak6",
                        "6"
                    ]
                ]
            }
        ],
        "timestamp": "2026-09-18T22:30:00.044834649",
        "meta": {
            "nf-test": "0.9.5",
            "nextflow": "26.04.6"
        }
    },
    "homo_sapiens popgen - common predictors - stub": {
        "content": [
            {
                "predictors": [
                    [
                        {
                            "id": "plink_simulated"
                        },
                        "plink_simulated.in:md5,d41d8cd98f00b204e9800998ecf8427e"
                    ]
                ],
                "progress": [
                    [
                        {
                            "id": "plink_simulated"
                        },
                        "plink_simulated.progress"
                    ]
                ],
                "versions_ldak6": [
                    [
                        "LDAK_THINCOMMON",
                        "ldak6",
                        "6"
                    ]
                ]
            }
        ],
        "timestamp": "2026-09-18T22:30:06.002594259",
        "meta": {
            "nf-test": "0.9.5",
            "nextflow": "26.04.6"
        }
    }
}