{
    "versions": {
        "content": [
            {
                "CUSTOM_GCTAMERGEGRMPARTS": {
                    "coreutils": 9.5
                },
                "GCTA_FASTGWA": {
                    "gcta": "1.94.1"
                },
                "GCTA_MAKEBKSPARSE": {
                    "gcta": "1.94.1"
                },
                "GCTA_MAKEGRMPART": {
                    "gcta": "1.94.1"
                },
                "GCTA_REML": {
                    "gcta": "1.94.1"
                },
                "GWASLAB_HARMONIZE": {
                    "gwaslab": "4.1.9",
                    "python": "3.12.13"
                },
                "PREPARE_GENOTYPE_SOURCE": {
                    "python": "3.14.5"
                },
                "PREPARE_PHENOTYPE_INPUTS": {
                    "python": "3.14.5"
                },
                "Workflow": {
                    "nf-core/gwas": "v1.0.0dev"
                }
            }
        ],
        "timestamp": "2026-09-10T05:46:21.70522276",
        "meta": {
            "nf-test": "0.9.5",
            "nextflow": "26.04.6"
        }
    },
    "association": {
        "content": [
            [
                "gcta_fastgwa",
                "gcta_fastgwa/fastgwa_and_greml",
                "gcta_fastgwa/fastgwa_and_greml/fastgwa_and_greml.gcta_fastgwa.fastGWA",
                "gcta_fastgwa/fastgwa_binary",
                "gcta_fastgwa/fastgwa_binary/fastgwa_binary.gcta_fastgwa.fastGWA",
                "gcta_fastgwa/fastgwa_different",
                "gcta_fastgwa/fastgwa_different/fastgwa_different.gcta_fastgwa.fastGWA",
                "gcta_fastgwa/fastgwa_same_1",
                "gcta_fastgwa/fastgwa_same_1/fastgwa_same_1.gcta_fastgwa.fastGWA",
                "gcta_fastgwa/fastgwa_same_2",
                "gcta_fastgwa/fastgwa_same_2/fastgwa_same_2.gcta_fastgwa.fastGWA"
            ],
            [
                "fastgwa_and_greml.gcta_fastgwa.fastGWA:md5,d756c893ac9fc977735a6dc3b7ba4dd7",
                "fastgwa_binary.gcta_fastgwa.fastGWA:md5,75c148759d97f6b14999db7bd00bf7fe",
                "fastgwa_different.gcta_fastgwa.fastGWA:md5,d756c893ac9fc977735a6dc3b7ba4dd7",
                "fastgwa_same_1.gcta_fastgwa.fastGWA:md5,d756c893ac9fc977735a6dc3b7ba4dd7",
                "fastgwa_same_2.gcta_fastgwa.fastGWA:md5,d756c893ac9fc977735a6dc3b7ba4dd7"
            ]
        ],
        "timestamp": "2026-08-24T03:36:51.342837812",
        "meta": {
            "nf-test": "0.9.3",
            "nextflow": "25.10.4"
        }
    },
    "summary_statistics": {
        "content": [
            [
                "fastgwa_and_greml--gcta_fastgwa",
                "fastgwa_and_greml--gcta_fastgwa/fastgwa_and_greml--gcta_fastgwa.gwaslab.log",
                "fastgwa_and_greml--gcta_fastgwa/fastgwa_and_greml--gcta_fastgwa.gwaslab.tsv.gz",
                "fastgwa_binary--gcta_fastgwa",
                "fastgwa_binary--gcta_fastgwa/fastgwa_binary--gcta_fastgwa.gwaslab.log",
                "fastgwa_binary--gcta_fastgwa/fastgwa_binary--gcta_fastgwa.gwaslab.tsv.gz",
                "fastgwa_different--gcta_fastgwa",
                "fastgwa_different--gcta_fastgwa/fastgwa_different--gcta_fastgwa.gwaslab.log",
                "fastgwa_different--gcta_fastgwa/fastgwa_different--gcta_fastgwa.gwaslab.tsv.gz",
                "fastgwa_same_1--gcta_fastgwa",
                "fastgwa_same_1--gcta_fastgwa/fastgwa_same_1--gcta_fastgwa.gwaslab.log",
                "fastgwa_same_1--gcta_fastgwa/fastgwa_same_1--gcta_fastgwa.gwaslab.tsv.gz",
                "fastgwa_same_2--gcta_fastgwa",
                "fastgwa_same_2--gcta_fastgwa/fastgwa_same_2--gcta_fastgwa.gwaslab.log",
                "fastgwa_same_2--gcta_fastgwa/fastgwa_same_2--gcta_fastgwa.gwaslab.tsv.gz"
            ],
            [
                "fastgwa_and_greml--gcta_fastgwa/fastgwa_and_greml--gcta_fastgwa.gwaslab.tsv.gz:md5,45d8a16e24ebba350e6e70c16d3abc32",
                "fastgwa_binary--gcta_fastgwa/fastgwa_binary--gcta_fastgwa.gwaslab.tsv.gz:md5,62a9e3f4686436e25bf553c316749960",
                "fastgwa_different--gcta_fastgwa/fastgwa_different--gcta_fastgwa.gwaslab.tsv.gz:md5,45d8a16e24ebba350e6e70c16d3abc32",
                "fastgwa_same_1--gcta_fastgwa/fastgwa_same_1--gcta_fastgwa.gwaslab.tsv.gz:md5,45d8a16e24ebba350e6e70c16d3abc32",
                "fastgwa_same_2--gcta_fastgwa/fastgwa_same_2--gcta_fastgwa.gwaslab.tsv.gz:md5,45d8a16e24ebba350e6e70c16d3abc32"
            ]
        ],
        "timestamp": "2026-08-30T23:12:38.56403175",
        "meta": {
            "nf-test": "0.9.5",
            "nextflow": "26.04.6"
        }
    }
}