{
    "prediction-identity-harmonised": {
        "content": [
            [
                "example_pgen_qt--regenie",
                "example_pgen_qt--regenie/example_pgen_qt--regenie.gwaslab.log",
                "example_pgen_qt--regenie/example_pgen_qt--regenie.gwaslab.tsv.gz",
                "example_pgen_qt_no_covariates--regenie",
                "example_pgen_qt_no_covariates--regenie/example_pgen_qt_no_covariates--regenie.gwaslab.log",
                "example_pgen_qt_no_covariates--regenie/example_pgen_qt_no_covariates--regenie.gwaslab.tsv.gz"
            ],
            [
                "example_pgen_qt--regenie/example_pgen_qt--regenie.gwaslab.tsv.gz:md5,e9c6b3a429d4d9f90b6b5a3e7b317afa",
                "example_pgen_qt_no_covariates--regenie/example_pgen_qt_no_covariates--regenie.gwaslab.tsv.gz:md5,e15cfb82b7787b620dd656b17ba3f369"
            ]
        ],
        "timestamp": "2026-08-30T23:21:36.024117066",
        "meta": {
            "nf-test": "0.9.5",
            "nextflow": "26.04.6"
        }
    },
    "versions": {
        "content": [
            {
                "GWASLAB_HARMONIZE": {
                    "gwaslab": "4.1.9",
                    "python": "3.12.13"
                },
                "PREPARE_GENOTYPE_SOURCE": {
                    "python": "3.14.5"
                },
                "PREPARE_PHENOTYPE_INPUTS": {
                    "python": "3.14.5"
                },
                "REGENIE_STEP1": {
                    "regenie": "4.1.2"
                },
                "REGENIE_STEP2": {
                    "regenie": "4.1.2"
                },
                "Workflow": {
                    "nf-core/gwas": "v1.0.0dev"
                }
            }
        ],
        "timestamp": "2026-09-10T04:13:26.902594949",
        "meta": {
            "nf-test": "0.9.5",
            "nextflow": "26.04.6"
        }
    },
    "prediction-reuse-harmonised": {
        "content": [
            [
                "example_pgen_qt--regenie",
                "example_pgen_qt--regenie/example_pgen_qt--regenie.gwaslab.log",
                "example_pgen_qt--regenie/example_pgen_qt--regenie.gwaslab.tsv.gz",
                "example_pgen_qt_reuse--regenie",
                "example_pgen_qt_reuse--regenie/example_pgen_qt_reuse--regenie.gwaslab.log",
                "example_pgen_qt_reuse--regenie/example_pgen_qt_reuse--regenie.gwaslab.tsv.gz"
            ],
            [
                "example_pgen_qt--regenie/example_pgen_qt--regenie.gwaslab.tsv.gz:md5,e9c6b3a429d4d9f90b6b5a3e7b317afa",
                "example_pgen_qt_reuse--regenie/example_pgen_qt_reuse--regenie.gwaslab.tsv.gz:md5,e9c6b3a429d4d9f90b6b5a3e7b317afa"
            ]
        ],
        "timestamp": "2026-08-30T23:20:30.784623892",
        "meta": {
            "nf-test": "0.9.5",
            "nextflow": "26.04.6"
        }
    },
    "traits-harmonised": {
        "content": [
            [
                "example_pgen_bt--regenie",
                "example_pgen_bt--regenie/example_pgen_bt--regenie.gwaslab.log",
                "example_pgen_bt--regenie/example_pgen_bt--regenie.gwaslab.tsv.gz",
                "example_pgen_qt--regenie",
                "example_pgen_qt--regenie/example_pgen_qt--regenie.gwaslab.log",
                "example_pgen_qt--regenie/example_pgen_qt--regenie.gwaslab.tsv.gz"
            ],
            [
                "example_pgen_bt--regenie/example_pgen_bt--regenie.gwaslab.tsv.gz:md5,abe0367397b0d0fdaf715faed4b97124",
                "example_pgen_qt--regenie/example_pgen_qt--regenie.gwaslab.tsv.gz:md5,e9c6b3a429d4d9f90b6b5a3e7b317afa"
            ]
        ],
        "timestamp": "2026-08-30T23:19:37.523487419",
        "meta": {
            "nf-test": "0.9.5",
            "nextflow": "26.04.6"
        }
    },
    "prediction-reuse-native": {
        "content": [
            [
                "example_pgen_qt",
                "example_pgen_qt/example_pgen_qt.regenie.gz",
                "example_pgen_qt_reuse",
                "example_pgen_qt_reuse/example_pgen_qt_reuse.regenie.gz"
            ],
            [
                "example_pgen_qt.regenie.gz:md5,87c65e520bab6bc45ba60955fc8214cd",
                "example_pgen_qt_reuse.regenie.gz:md5,87c65e520bab6bc45ba60955fc8214cd"
            ]
        ],
        "timestamp": "2026-08-12T21:06:41.514036964",
        "meta": {
            "nf-test": "0.9.3",
            "nextflow": "25.10.4"
        }
    },
    "prediction-identity-native": {
        "content": [
            [
                "example_pgen_qt",
                "example_pgen_qt/example_pgen_qt.regenie.gz",
                "example_pgen_qt_no_covariates",
                "example_pgen_qt_no_covariates/example_pgen_qt_no_covariates.regenie.gz"
            ],
            [
                "example_pgen_qt.regenie.gz:md5,87c65e520bab6bc45ba60955fc8214cd",
                "example_pgen_qt_no_covariates.regenie.gz:md5,1a77d818292c73e84ccf1dadcfb3b0bd"
            ]
        ],
        "timestamp": "2026-08-12T21:07:54.012260719",
        "meta": {
            "nf-test": "0.9.3",
            "nextflow": "25.10.4"
        }
    },
    "traits-native": {
        "content": [
            [
                "example_pgen_bt",
                "example_pgen_bt/example_pgen_bt.regenie.gz",
                "example_pgen_qt",
                "example_pgen_qt/example_pgen_qt.regenie.gz"
            ],
            [
                "example_pgen_bt.regenie.gz:md5,a23e6dff8af61c3b7612951485294653",
                "example_pgen_qt.regenie.gz:md5,87c65e520bab6bc45ba60955fc8214cd"
            ]
        ],
        "timestamp": "2026-08-12T21:04:52.915088496",
        "meta": {
            "nf-test": "0.9.3",
            "nextflow": "25.10.4"
        }
    },
    "chunked-harmonised": {
        "content": [
            [
                "example_pgen_qt--regenie",
                "example_pgen_qt--regenie/example_pgen_qt--regenie.gwaslab.log",
                "example_pgen_qt--regenie/example_pgen_qt--regenie.gwaslab.tsv.gz"
            ],
            [
                "example_pgen_qt--regenie/example_pgen_qt--regenie.gwaslab.tsv.gz:md5,e9c6b3a429d4d9f90b6b5a3e7b317afa"
            ]
        ],
        "timestamp": "2026-08-30T23:22:36.280512619",
        "meta": {
            "nf-test": "0.9.5",
            "nextflow": "26.04.6"
        }
    },
    "chunked-native": {
        "content": [
            [
                "example_pgen_qt",
                "example_pgen_qt/example_pgen_qt.regenie.gz"
            ],
            [
                "example_pgen_qt.regenie.gz:md5,87c65e520bab6bc45ba60955fc8214cd"
            ]
        ],
        "timestamp": "2026-08-12T21:08:56.20662977",
        "meta": {
            "nf-test": "0.9.3",
            "nextflow": "25.10.4"
        }
    }
}