{
    "versions": {
        "content": [
            {
                "CUSTOM_GCTAMERGEGRMPARTS": {
                    "coreutils": 9.5
                },
                "GCTA_FASTGWA": {
                    "gcta": "1.94.1"
                },
                "GCTA_MAKEBKSPARSE": {
                    "gcta": "1.94.1"
                },
                "GCTA_MAKEGRMPART": {
                    "gcta": "1.94.1"
                },
                "GCTA_REML": {
                    "gcta": "1.94.1"
                },
                "GWASLAB_HARMONIZE": {
                    "gwaslab": "4.1.9",
                    "python": "3.12.13"
                },
                "NORMALISE_PHENOTYPES": {
                    "python": "3.14.5"
                },
                "Workflow": {
                    "nf-core/gwas": "v1.0.0dev"
                }
            }
        ],
        "meta": {
            "nf-test": "0.9.3",
            "nextflow": "25.10.4"
        },
        "timestamp": "2026-08-02T08:12:02.571754574"
    },
    "association": {
        "content": [
            [
                "gcta_fastgwa",
                "gcta_fastgwa/fastgwa_and_greml",
                "gcta_fastgwa/fastgwa_and_greml/fastgwa_and_greml.gcta_fastgwa.fastGWA",
                "gcta_fastgwa/fastgwa_binary",
                "gcta_fastgwa/fastgwa_binary/fastgwa_binary.gcta_fastgwa.fastGWA",
                "gcta_fastgwa/fastgwa_different",
                "gcta_fastgwa/fastgwa_different/fastgwa_different.gcta_fastgwa.fastGWA",
                "gcta_fastgwa/fastgwa_same_1",
                "gcta_fastgwa/fastgwa_same_1/fastgwa_same_1.gcta_fastgwa.fastGWA",
                "gcta_fastgwa/fastgwa_same_2",
                "gcta_fastgwa/fastgwa_same_2/fastgwa_same_2.gcta_fastgwa.fastGWA"
            ],
            [
                "fastgwa_and_greml.gcta_fastgwa.fastGWA:md5,d756c893ac9fc977735a6dc3b7ba4dd7",
                "fastgwa_binary.gcta_fastgwa.fastGWA:md5,75c148759d97f6b14999db7bd00bf7fe",
                "fastgwa_different.gcta_fastgwa.fastGWA:md5,d756c893ac9fc977735a6dc3b7ba4dd7",
                "fastgwa_same_1.gcta_fastgwa.fastGWA:md5,d756c893ac9fc977735a6dc3b7ba4dd7",
                "fastgwa_same_2.gcta_fastgwa.fastGWA:md5,d756c893ac9fc977735a6dc3b7ba4dd7"
            ]
        ],
        "meta": {
            "nf-test": "0.9.3",
            "nextflow": "25.10.4"
        },
        "timestamp": "2026-08-12T20:40:30.428715423"
    },
    "summary_statistics": {
        "content": [
            [
                "fastgwa_and_greml",
                "fastgwa_and_greml/fastgwa_and_greml.gcta_fastgwa.gwaslab.tsv.gz",
                "fastgwa_binary",
                "fastgwa_binary/fastgwa_binary.gcta_fastgwa.gwaslab.tsv.gz",
                "fastgwa_different",
                "fastgwa_different/fastgwa_different.gcta_fastgwa.gwaslab.tsv.gz",
                "fastgwa_same_1",
                "fastgwa_same_1/fastgwa_same_1.gcta_fastgwa.gwaslab.tsv.gz",
                "fastgwa_same_2",
                "fastgwa_same_2/fastgwa_same_2.gcta_fastgwa.gwaslab.tsv.gz"
            ],
            [
                "fastgwa_and_greml.gcta_fastgwa.gwaslab.tsv.gz:md5,a4d5535f646d99afb20e750f74719340",
                "fastgwa_binary.gcta_fastgwa.gwaslab.tsv.gz:md5,b23f4a0e8f13104f9394d4b93638a210",
                "fastgwa_different.gcta_fastgwa.gwaslab.tsv.gz:md5,a4d5535f646d99afb20e750f74719340",
                "fastgwa_same_1.gcta_fastgwa.gwaslab.tsv.gz:md5,a4d5535f646d99afb20e750f74719340",
                "fastgwa_same_2.gcta_fastgwa.gwaslab.tsv.gz:md5,a4d5535f646d99afb20e750f74719340"
            ]
        ],
        "meta": {
            "nf-test": "0.9.3",
            "nextflow": "25.10.4"
        },
        "timestamp": "2026-08-12T20:40:30.467619896"
    }
}