{
    "versions": {
        "content": [
            {
                "GWASLAB_HARMONIZE": {
                    "gwaslab": "4.1.9",
                    "python": "3.12.13"
                },
                "NORMALISE_PHENOTYPES": {
                    "python": "3.14.5"
                },
                "PLINK2_GLM": {
                    "plink2": "2.0.0-a.6.9LM"
                },
                "PLINK2_VCF": {
                    "plink2": "2.0.0-a.6.9LM"
                },
                "Workflow": {
                    "nf-core/gwas": "v1.0.0dev"
                }
            }
        ],
        "meta": {
            "nf-test": "0.9.3",
            "nextflow": "25.10.4"
        },
        "timestamp": "2026-08-13T13:52:30.56079848"
    },
    "association": {
        "content": [
            [
                "plink2",
                "plink2/example_quantitative",
                "plink2/example_quantitative/example_quantitative.plink2.glm.linear"
            ],
            [
                "example_quantitative.plink2.glm.linear:md5,d90113562b608a71d4f69f961b6ddfcb"
            ]
        ],
        "meta": {
            "nf-test": "0.9.3",
            "nextflow": "25.10.4"
        },
        "timestamp": "2026-08-13T13:52:30.582773734"
    },
    "summary_statistics": {
        "content": [
            [
                "example_quantitative",
                "example_quantitative/example_quantitative.plink2.gwaslab.tsv.gz"
            ],
            [
                "example_quantitative.plink2.gwaslab.tsv.gz:md5,01862a0efeb87930a5908e13bffc7683"
            ]
        ],
        "meta": {
            "nf-test": "0.9.3",
            "nextflow": "25.10.4"
        },
        "timestamp": "2026-08-13T13:52:30.597696141"
    },
    "multiqc": {
        "content": [
            [
                "multiqc_data",
                "multiqc_data/llms-full.txt",
                "multiqc_data/multiqc.log",
                "multiqc_data/multiqc.parquet",
                "multiqc_data/multiqc_citations.txt",
                "multiqc_data/multiqc_data.json",
                "multiqc_data/multiqc_nf-core-gwas-analysis-plan-table.txt",
                "multiqc_data/multiqc_software_versions.txt",
                "multiqc_data/multiqc_sources.txt",
                "multiqc_plots",
                "multiqc_plots/pdf",
                "multiqc_plots/pdf/nf-core-gwas-analysis-plan-table.pdf",
                "multiqc_plots/png",
                "multiqc_plots/png/nf-core-gwas-analysis-plan-table.png",
                "multiqc_plots/svg",
                "multiqc_plots/svg/nf-core-gwas-analysis-plan-table.svg",
                "multiqc_report.html"
            ],
            [
                "multiqc_citations.txt:md5,4c806e63a283ec1b7e78cdae3a923d4f",
                "multiqc_nf-core-gwas-analysis-plan-table.txt:md5,8e693726660f64ba09e7e037818b986b"
            ]
        ],
        "meta": {
            "nf-test": "0.9.3",
            "nextflow": "25.10.4"
        },
        "timestamp": "2026-08-13T13:52:30.611629782"
    },
    "pipeline_info": {
        "content": [
            [
                "nf_core_gwas_software_mqc_versions.yml"
            ],
            []
        ],
        "meta": {
            "nf-test": "0.9.3",
            "nextflow": "25.10.4"
        },
        "timestamp": "2026-07-30T05:11:18.631927776"
    }
}
