{
    "versions": {
        "content": [
            {
                "CUSTOM_GCTAMERGEGRMPARTS": {
                    "coreutils": 9.5
                },
                "GCTA_MAKEGRMPART": {
                    "gcta": "1.94.1"
                },
                "GCTA_REML": {
                    "gcta": "1.94.1"
                },
                "GWASLAB_HARMONIZE": {
                    "gwaslab": "4.1.9",
                    "python": "3.12.13"
                },
                "NORMALISE_PHENOTYPES": {
                    "python": "3.14.5"
                },
                "PLINK2_GLM": {
                    "plink2": "2.0.0-a.6.9LM"
                },
                "Workflow": {
                    "nf-core/gwas": "v1.0.0dev"
                }
            }
        ],
        "meta": {
            "nf-test": "0.9.3",
            "nextflow": "25.10.4"
        },
        "timestamp": "2026-08-02T08:15:24.246432458"
    },
    "association": {
        "content": [
            [
                "plink2",
                "plink2/example_chr1_qt",
                "plink2/example_chr1_qt/example_chr1_qt.plink2.glm.linear"
            ],
            [
                "example_chr1_qt.plink2.glm.linear:md5,6f4d274e63a2087d7d017291a5a45ba1"
            ]
        ],
        "meta": {
            "nf-test": "0.9.3",
            "nextflow": "25.10.4"
        },
        "timestamp": "2026-07-30T17:47:58.111769225"
    },
    "summary_statistics": {
        "content": [
            [
                "example_chr1_qt",
                "example_chr1_qt/example_chr1_qt.plink2.gwaslab.tsv.gz"
            ],
            [
                "example_chr1_qt.plink2.gwaslab.tsv.gz:md5,316183cabcaba860bc1a711860e3a43a"
            ]
        ],
        "meta": {
            "nf-test": "0.9.3",
            "nextflow": "25.10.4"
        },
        "timestamp": "2026-07-30T17:47:58.135772653"
    },
    "multiqc": {
        "content": [
            [
                "multiqc_data",
                "multiqc_data/llms-full.txt",
                "multiqc_data/multiqc.log",
                "multiqc_data/multiqc.parquet",
                "multiqc_data/multiqc_citations.txt",
                "multiqc_data/multiqc_data.json",
                "multiqc_data/multiqc_nf-core-gwas-analysis-plan-table.txt",
                "multiqc_data/multiqc_software_versions.txt",
                "multiqc_data/multiqc_sources.txt",
                "multiqc_plots",
                "multiqc_plots/pdf",
                "multiqc_plots/pdf/nf-core-gwas-analysis-plan-table.pdf",
                "multiqc_plots/png",
                "multiqc_plots/png/nf-core-gwas-analysis-plan-table.png",
                "multiqc_plots/svg",
                "multiqc_plots/svg/nf-core-gwas-analysis-plan-table.svg",
                "multiqc_report.html"
            ],
            [
                "multiqc_citations.txt:md5,4c806e63a283ec1b7e78cdae3a923d4f",
                "multiqc_nf-core-gwas-analysis-plan-table.txt:md5,35ad285e8f9738defb689dc110b27784"
            ]
        ],
        "meta": {
            "nf-test": "0.9.3",
            "nextflow": "25.10.4"
        },
        "timestamp": "2026-08-04T22:30:08.330471846"
    },
    "heritability": {
        "content": [
            [
                "individual",
                "individual/gcta_greml",
                "individual/gcta_greml/example_chr1_qt",
                "individual/gcta_greml/example_chr1_qt/example_chr1_qt.gcta_greml.hsq"
            ],
            [
                "example_chr1_qt.gcta_greml.hsq:md5,746c9473b00781276023c98c2294950c"
            ]
        ],
        "meta": {
            "nf-test": "0.9.3",
            "nextflow": "25.10.4"
        },
        "timestamp": "2026-07-30T17:47:58.123748588"
    },
    "pipeline_info": {
        "content": [
            [
                "nf_core_gwas_software_mqc_versions.yml"
            ],
            [

            ]
        ],
        "meta": {
            "nf-test": "0.9.3",
            "nextflow": "25.10.4"
        },
        "timestamp": "2026-07-30T05:11:18.631927776"
    }
}
