{
    "versions": {
        "content": [
            {
                "CUSTOM_GCTASTRATIFYLDSCORES": {
                    "r-base": "4.2.1"
                },
                "CUSTOM_MPHSNPINFO": {
                    "python": "3.14.5"
                },
                "GCTA_CALCULATELDSCORES": {
                    "gcta": "1.94.1"
                },
                "MPH_MAKEGRM": {
                    "mph": "0.55.1"
                },
                "MPH_REML": {
                    "mph": "0.55.1"
                },
                "PLINK2_MAKEBED": {
                    "plink2": "2.0.0-a.6.9LM"
                },
                "PREPARE_GENOTYPE_SOURCE": {
                    "python": "3.14.5"
                },
                "PREPARE_MPH_INPUTS": {
                    "python": "3.14.5"
                },
                "PREPARE_PHENOTYPE_INPUTS": {
                    "python": "3.14.5"
                },
                "Workflow": {
                    "nf-core/gwas": "v1.0.0dev"
                }
            }
        ],
        "timestamp": "2026-09-10T05:59:25.323904055",
        "meta": {
            "nf-test": "0.9.5",
            "nextflow": "26.04.6"
        }
    },
    "heritability": {
        "content": [
            [
                "mph_reml",
                "mph_reml/example_pgen_qt",
                "mph_reml/example_pgen_qt/example_pgen_qt.mph_reml.log",
                "mph_reml/example_pgen_qt/example_pgen_qt.mph_reml.mq.blue.csv",
                "mph_reml/example_pgen_qt/example_pgen_qt.mph_reml.mq.iter.csv",
                "mph_reml/example_pgen_qt/example_pgen_qt.mph_reml.mq.vc.csv",
                "mph_reml_ldms",
                "mph_reml_ldms/example_pgen_qt",
                "mph_reml_ldms/example_pgen_qt/example_pgen_qt.mph_reml_ldms.log",
                "mph_reml_ldms/example_pgen_qt/example_pgen_qt.mph_reml_ldms.mq.blue.csv",
                "mph_reml_ldms/example_pgen_qt/example_pgen_qt.mph_reml_ldms.mq.iter.csv",
                "mph_reml_ldms/example_pgen_qt/example_pgen_qt.mph_reml_ldms.mq.vc.csv"
            ],
            [
                
            ]
        ],
        "timestamp": "2026-09-10T03:27:35.206298043",
        "meta": {
            "nf-test": "0.9.5",
            "nextflow": "26.04.6"
        }
    }
}