{
    "versions": {
        "content": [
            {
                "LDAK_ADJUSTGRM": {
                    "ldak6": 6
                },
                "LDAK_CALCKINS": {
                    "ldak6": 6
                },
                "LDAK_HE": {
                    "ldak6": 6
                },
                "LDAK_PCGC": {
                    "ldak6": 6
                },
                "LDAK_REML": {
                    "ldak6": 6
                },
                "PLINK2_MAKEBED": {
                    "plink2": "2.0.0-a.6.9LM"
                },
                "PREPARE_GENOTYPE_SOURCE": {
                    "python": "3.14.5"
                },
                "PREPARE_PHENOTYPE_INPUTS": {
                    "python": "3.14.5"
                },
                "Workflow": {
                    "nf-core/gwas": "v1.0.0dev"
                }
            }
        ],
        "timestamp": "2026-09-10T05:54:22.24248237",
        "meta": {
            "nf-test": "0.9.5",
            "nextflow": "26.04.6"
        }
    },
    "heritability": {
        "content": [
            [
                "ldak_he",
                "ldak_he/ldak_all_covariates",
                "ldak_he/ldak_all_covariates/ldak_all_covariates.ldak_he.factor",
                "ldak_he/ldak_all_covariates/ldak_all_covariates.ldak_he.he",
                "ldak_he/ldak_all_covariates/ldak_all_covariates.ldak_he.he.liab",
                "ldak_he/ldak_he_plain",
                "ldak_he/ldak_he_plain/ldak_he_plain.ldak_he.he",
                "ldak_pcgc",
                "ldak_pcgc/ldak_all_covariates",
                "ldak_pcgc/ldak_all_covariates/ldak_all_covariates.ldak_pcgc.pcgc",
                "ldak_pcgc/ldak_all_covariates/ldak_all_covariates.ldak_pcgc.pcgc.marginal",
                "ldak_reml",
                "ldak_reml/ldak_all_covariates",
                "ldak_reml/ldak_all_covariates/ldak_all_covariates.ldak_reml.reml",
                "ldak_reml/ldak_all_covariates/ldak_all_covariates.ldak_reml.reml.liab"
            ],
            [
                "ldak_all_covariates.ldak_he.factor:md5,22cdaabc829f7cba258c5a6e2c27b99a",
                "ldak_all_covariates.ldak_he.he:md5,c81a8c2c778ce907ced4c0bf4c9bb235",
                "ldak_all_covariates.ldak_he.he.liab:md5,1441058fbdfdb686cc5e2ab532f18425",
                "ldak_he_plain.ldak_he.he:md5,2bb9c05511256b71b16a86a4bf58ca20",
                "ldak_all_covariates.ldak_pcgc.pcgc:md5,9254da376dbc9ef438d162391b0e1eb9",
                "ldak_all_covariates.ldak_pcgc.pcgc.marginal:md5,631a411b1472cd52c3935f216b8df90a",
                "ldak_all_covariates.ldak_reml.reml:md5,2168ea45c32c295e4c983d3993e89809",
                "ldak_all_covariates.ldak_reml.reml.liab:md5,c965504f4c5617e940098564d822b246"
            ]
        ],
        "timestamp": "2026-09-10T03:14:06.390232472",
        "meta": {
            "nf-test": "0.9.5",
            "nextflow": "26.04.6"
        }
    }
}