{
    "versions": {
        "content": [
            {
                "GWASLAB_HARMONIZE": {
                    "gwaslab": "4.1.9",
                    "python": "3.12.13"
                },
                "LDAK_KVIKSTEP1": {
                    "ldak6": 6
                },
                "LDAK_KVIKSTEP2": {
                    "ldak6": 6
                },
                "PREPARE_GENOTYPE_SOURCE": {
                    "python": "3.14.5"
                },
                "PREPARE_PHENOTYPE_INPUTS": {
                    "python": "3.14.5"
                },
                "Workflow": {
                    "nf-core/gwas": "v1.0.0dev"
                }
            }
        ],
        "timestamp": "2026-09-06T13:31:53.593764224",
        "meta": {
            "nf-test": "0.9.5",
            "nextflow": "26.04.6"
        }
    },
    "association": {
        "content": [
            [
                "example_bfile_qt",
                "example_bfile_qt/example_bfile_qt.ldak_kvik.step2.assoc",
                "example_pgen_bt",
                "example_pgen_bt/example_pgen_bt.ldak_kvik.step2.assoc"
            ],
            [
                "example_bfile_qt.ldak_kvik.step2.assoc:md5,4816d78bedcc79038bb8d85bbc84f6ce",
                "example_pgen_bt.ldak_kvik.step2.assoc:md5,12125ca377a08730f7f0faab6b8791e7"
            ]
        ],
        "timestamp": "2026-08-12T22:23:47.5251591",
        "meta": {
            "nf-test": "0.9.3",
            "nextflow": "25.10.4"
        }
    }
}