{
    "versions": {
        "content": [
            {
                "CUSTOM_GCTAMERGEGRMPARTS": {
                    "coreutils": 9.5
                },
                "CUSTOM_GCTASTRATIFYLDSCORES": {
                    "r-base": "4.2.1"
                },
                "GCTA_CALCULATELDSCORES": {
                    "gcta": "1.94.1"
                },
                "GCTA_MAKEGRMPART": {
                    "gcta": "1.94.1"
                },
                "GCTA_REMLLDMS": {
                    "gcta": "1.94.1"
                },
                "PLINK2_MAKEBED": {
                    "plink2": "2.0.0-a.6.9LM"
                },
                "PREPARE_GENOTYPE_SOURCE": {
                    "python": "3.14.5"
                },
                "PREPARE_PHENOTYPE_INPUTS": {
                    "python": "3.14.5"
                },
                "Workflow": {
                    "nf-core/gwas": "v1.0.0dev"
                }
            }
        ],
        "timestamp": "2026-09-10T06:10:22.971817592",
        "meta": {
            "nf-test": "0.9.5",
            "nextflow": "26.04.6"
        }
    },
    "heritability": {
        "content": [
            [
                "example_pgen_bt",
                "example_pgen_bt/example_pgen_bt.gcta_greml_ldms.hsq",
                "example_pgen_qt",
                "example_pgen_qt/example_pgen_qt.gcta_greml_ldms.hsq"
            ],
            [
                "example_pgen_bt.gcta_greml_ldms.hsq:md5,549e77997ae811ba26f1575eedeb00d7",
                "example_pgen_qt.gcta_greml_ldms.hsq:md5,3475afa4e0119452ee59e94502a1ccd7"
            ]
        ],
        "timestamp": "2026-08-12T22:30:01.063084495",
        "meta": {
            "nf-test": "0.9.3",
            "nextflow": "25.10.4"
        }
    }
}