{
    "plink2-genotype-view": {
        "content": [
            {
                "cohort": "example_pgen",
                "source": {
                    "format": "plink2",
                    "identity": {
                        "mode": "sha256",
                        "value": "a9b72024106c70f141c3cc41982ce59fbd6a8d32c5fa42b8ecc72953b9af28ec"
                    },
                    "members": [
                        {
                            "role": "pgen",
                            "name": "example_all.pgen",
                            "size": 122021,
                            "sha256": "a48a6d0ca4f2cf66cd11ee0c391fb2bb38a6f64018654e03b042aa4db317cc62"
                        },
                        {
                            "role": "psam",
                            "name": "example_all.psam",
                            "size": 2613,
                            "sha256": "af45b49120abd0ac2bf0cc01773a706db8d31d581fa650ee2d6ecc9a67bc04b5"
                        },
                        {
                            "role": "pvar",
                            "name": "example_all.pvar",
                            "size": 55105,
                            "sha256": "48cfaba06fa15303c56297de910a92e2d6c5ec76b1bd88dca5601ee1bea63039"
                        }
                    ]
                },
                "native_view": {
                    "key": "94cc579c9536",
                    "format": "plink2",
                    "origin": "supplied",
                    "settings": {}
                },
                "plink1": null
            }
        ],
        "timestamp": "2026-09-10T03:55:35.239474776",
        "meta": {
            "nf-test": "0.9.5",
            "nextflow": "26.04.6"
        }
    },
    "plink1-genotype-view": {
        "content": [
            {
                "cohort": "example_bfile",
                "source": {
                    "format": "plink1",
                    "identity": {
                        "mode": "sha256",
                        "value": "f84524b232aac1a8b1f1dcea3ae2ebe2e21e56b335ee4debbaf44ab74799c28b"
                    },
                    "members": [
                        {
                            "role": "bed",
                            "name": "example_all.bed",
                            "size": 110003,
                            "sha256": "524928cdd30e9f59366ad293bdaa729bcc7f251d962c6333f4555273d70d41a5"
                        },
                        {
                            "role": "bim",
                            "name": "example_all.bim",
                            "size": 48444,
                            "sha256": "ce050e446df03a7209f31f102d304141bd3743c39086eb61bcfbccc5630b9422"
                        },
                        {
                            "role": "fam",
                            "name": "example_all.fam",
                            "size": 3800,
                            "sha256": "018c10d850bced9613e912a61d8ee5ea11b9bda01acab0f6a8bf4001737dca3d"
                        }
                    ]
                },
                "native_view": {
                    "key": "845046a58b6c",
                    "format": "plink1",
                    "origin": "supplied",
                    "settings": {}
                },
                "plink1": null
            }
        ],
        "timestamp": "2026-09-10T03:55:59.411889739",
        "meta": {
            "nf-test": "0.9.5",
            "nextflow": "26.04.6"
        }
    },
    "plink2-versions": {
        "content": [
            {
                "GWASLAB_HARMONIZE": {
                    "gwaslab": "4.1.9",
                    "python": "3.12.13"
                },
                "PREPARE_GENOTYPE_SOURCE": {
                    "python": "3.14.5"
                },
                "PREPARE_PHENOTYPE_INPUTS": {
                    "python": "3.14.5"
                },
                "REGENIE_STEP1": {
                    "regenie": "4.1.2"
                },
                "REGENIE_STEP2": {
                    "regenie": "4.1.2"
                },
                "Workflow": {
                    "nf-core/gwas": "v1.0.0dev"
                }
            }
        ],
        "timestamp": "2026-09-10T03:55:35.251177612",
        "meta": {
            "nf-test": "0.9.5",
            "nextflow": "26.04.6"
        }
    },
    "plink2-association": {
        "content": [
            [
                "regenie",
                "regenie/example_pgen_relational_qt",
                "regenie/example_pgen_relational_qt/example_pgen_relational_qt.regenie.gz"
            ],
            [
                "regenie/example_pgen_relational_qt/example_pgen_relational_qt.regenie.gz:md5,05fb502ea44e27f996066a1cfbf051c0"
            ]
        ],
        "timestamp": "2026-09-02T11:39:06.287258303",
        "meta": {
            "nf-test": "0.9.5",
            "nextflow": "26.04.6"
        }
    },
    "plink1-association": {
        "content": [
            [
                "regenie",
                "regenie/example_bfile_relational_qt",
                "regenie/example_bfile_relational_qt/example_bfile_relational_qt.regenie.gz"
            ],
            [
                "regenie/example_bfile_relational_qt/example_bfile_relational_qt.regenie.gz:md5,05fb502ea44e27f996066a1cfbf051c0"
            ]
        ],
        "timestamp": "2026-09-02T11:39:31.429762244",
        "meta": {
            "nf-test": "0.9.5",
            "nextflow": "26.04.6"
        }
    },
    "plink1-versions": {
        "content": [
            {
                "GWASLAB_HARMONIZE": {
                    "gwaslab": "4.1.9",
                    "python": "3.12.13"
                },
                "PREPARE_GENOTYPE_SOURCE": {
                    "python": "3.14.5"
                },
                "PREPARE_PHENOTYPE_INPUTS": {
                    "python": "3.14.5"
                },
                "REGENIE_STEP1": {
                    "regenie": "4.1.2"
                },
                "REGENIE_STEP2": {
                    "regenie": "4.1.2"
                },
                "Workflow": {
                    "nf-core/gwas": "v1.0.0dev"
                }
            }
        ],
        "timestamp": "2026-09-10T00:20:14.268190469",
        "meta": {
            "nf-test": "0.9.5",
            "nextflow": "26.04.6"
        }
    }
}