{
    "distinct-relatedness-matrices": {
        "content": [
            [
                "06c8f6195c7a",
                "06c8f6195c7a/ldak_kinship.06c8f6195c7a.grm.adjust",
                "06c8f6195c7a/ldak_kinship.06c8f6195c7a.grm.bin",
                "06c8f6195c7a/ldak_kinship.06c8f6195c7a.grm.details",
                "06c8f6195c7a/ldak_kinship.06c8f6195c7a.grm.id",
                "333d2a9f19df",
                "333d2a9f19df/ldak_kinship.333d2a9f19df.grm.adjust",
                "333d2a9f19df/ldak_kinship.333d2a9f19df.grm.bin",
                "333d2a9f19df/ldak_kinship.333d2a9f19df.grm.details",
                "333d2a9f19df/ldak_kinship.333d2a9f19df.grm.id",
                "d4b8e1441edb",
                "d4b8e1441edb/ldak_kinship.d4b8e1441edb.grm.adjust",
                "d4b8e1441edb/ldak_kinship.d4b8e1441edb.grm.bin",
                "d4b8e1441edb/ldak_kinship.d4b8e1441edb.grm.details",
                "d4b8e1441edb/ldak_kinship.d4b8e1441edb.grm.id"
            ],
            [
                "ldak_kinship.06c8f6195c7a.grm.adjust:md5,6338fdf32f899d90a9daf84c177bf3ee",
                "ldak_kinship.06c8f6195c7a.grm.bin:md5,4e2994fe974956f2146148e3e40fdf6e",
                "ldak_kinship.06c8f6195c7a.grm.details:md5,f7adbac672e396e830516273cc968c4f",
                "ldak_kinship.06c8f6195c7a.grm.id:md5,bee126b7afe8985da84d031c0eb3f47e",
                "ldak_kinship.333d2a9f19df.grm.adjust:md5,6338fdf32f899d90a9daf84c177bf3ee",
                "ldak_kinship.333d2a9f19df.grm.bin:md5,4e2994fe974956f2146148e3e40fdf6e",
                "ldak_kinship.333d2a9f19df.grm.details:md5,f7adbac672e396e830516273cc968c4f",
                "ldak_kinship.333d2a9f19df.grm.id:md5,bee126b7afe8985da84d031c0eb3f47e",
                "ldak_kinship.d4b8e1441edb.grm.adjust:md5,64f5e3d6c2bb7348ccb0062b64299a68",
                "ldak_kinship.d4b8e1441edb.grm.bin:md5,4e7cbe74874dbcd489b849368f11cc70",
                "ldak_kinship.d4b8e1441edb.grm.details:md5,8bcfa5e00fc4845ca2d5e304d53a0536",
                "ldak_kinship.d4b8e1441edb.grm.id:md5,bee126b7afe8985da84d031c0eb3f47e"
            ]
        ],
        "timestamp": "2026-09-10T06:31:25.067584381",
        "meta": {
            "nf-test": "0.9.5",
            "nextflow": "26.04.6"
        }
    },
    "same-weights-relatedness-matrices": {
        "content": [
            [
                "f03a7469f909",
                "f03a7469f909/ldak_kinship.f03a7469f909.grm.adjust",
                "f03a7469f909/ldak_kinship.f03a7469f909.grm.bin",
                "f03a7469f909/ldak_kinship.f03a7469f909.grm.details",
                "f03a7469f909/ldak_kinship.f03a7469f909.grm.id"
            ],
            [
                "ldak_kinship.f03a7469f909.grm.adjust:md5,64f5e3d6c2bb7348ccb0062b64299a68",
                "ldak_kinship.f03a7469f909.grm.bin:md5,4e7cbe74874dbcd489b849368f11cc70",
                "ldak_kinship.f03a7469f909.grm.details:md5,8bcfa5e00fc4845ca2d5e304d53a0536",
                "ldak_kinship.f03a7469f909.grm.id:md5,bee126b7afe8985da84d031c0eb3f47e"
            ]
        ],
        "timestamp": "2026-09-10T06:31:47.223881874",
        "meta": {
            "nf-test": "0.9.5",
            "nextflow": "26.04.6"
        }
    },
    "versions": {
        "content": [
            {
                "LDAK_CALCKINS": {
                    "ldak6": 6
                },
                "LDAK_FILTER": {
                    "ldak6": 6
                },
                "LDAK_REML": {
                    "ldak6": 6
                },
                "LDAK_SUBGRM": {
                    "ldak6": 6
                },
                "PLINK2_MAKEBED": {
                    "plink2": "2.0.0-a.6.9LM"
                },
                "PREPARE_GENOTYPE_SOURCE": {
                    "python": "3.14.5"
                },
                "PREPARE_PHENOTYPE_INPUTS": {
                    "python": "3.14.5"
                },
                "Workflow": {
                    "nf-core/gwas": "v1.0.0dev"
                }
            }
        ],
        "timestamp": "2026-09-10T06:31:02.740847639",
        "meta": {
            "nf-test": "0.9.5",
            "nextflow": "26.04.6"
        }
    },
    "different-weights-heritability": {
        "content": [
            [
                "example_pgen_bt_first",
                "example_pgen_bt_first/example_pgen_bt_first.ldak_reml.reml",
                "example_pgen_bt_first/example_pgen_bt_first.ldak_reml.reml.liab",
                "example_pgen_bt_second",
                "example_pgen_bt_second/example_pgen_bt_second.ldak_reml.reml",
                "example_pgen_bt_second/example_pgen_bt_second.ldak_reml.reml.liab"
            ],
            [
                "example_pgen_bt_first.ldak_reml.reml:md5,8bdd8294e7baea06d3e85254df74a50a",
                "example_pgen_bt_first.ldak_reml.reml.liab:md5,f9ba8ecd2656a24f4fa31c885b025b18",
                "example_pgen_bt_second.ldak_reml.reml:md5,92ba2663435980ad39ef93338c530cad",
                "example_pgen_bt_second.ldak_reml.reml.liab:md5,b04888d6be654ae9c3c1d9e41102a643"
            ]
        ],
        "timestamp": "2026-08-12T21:17:35.880578377",
        "meta": {
            "nf-test": "0.9.3",
            "nextflow": "25.10.4"
        }
    },
    "different-weights-relatedness-matrices": {
        "content": [
            [
                "7e13947be844",
                "7e13947be844/ldak_kinship.7e13947be844.grm.adjust",
                "7e13947be844/ldak_kinship.7e13947be844.grm.bin",
                "7e13947be844/ldak_kinship.7e13947be844.grm.details",
                "7e13947be844/ldak_kinship.7e13947be844.grm.id",
                "f03a7469f909",
                "f03a7469f909/ldak_kinship.f03a7469f909.grm.adjust",
                "f03a7469f909/ldak_kinship.f03a7469f909.grm.bin",
                "f03a7469f909/ldak_kinship.f03a7469f909.grm.details",
                "f03a7469f909/ldak_kinship.f03a7469f909.grm.id"
            ],
            [
                "ldak_kinship.7e13947be844.grm.adjust:md5,9d46d4e26d99c7f77f9f075ed9c76b7c",
                "ldak_kinship.7e13947be844.grm.bin:md5,4e7cbe74874dbcd489b849368f11cc70",
                "ldak_kinship.7e13947be844.grm.details:md5,77664bdec196774970203997c00be304",
                "ldak_kinship.7e13947be844.grm.id:md5,bee126b7afe8985da84d031c0eb3f47e",
                "ldak_kinship.f03a7469f909.grm.adjust:md5,64f5e3d6c2bb7348ccb0062b64299a68",
                "ldak_kinship.f03a7469f909.grm.bin:md5,4e7cbe74874dbcd489b849368f11cc70",
                "ldak_kinship.f03a7469f909.grm.details:md5,8bcfa5e00fc4845ca2d5e304d53a0536",
                "ldak_kinship.f03a7469f909.grm.id:md5,bee126b7afe8985da84d031c0eb3f47e"
            ]
        ],
        "timestamp": "2026-09-10T06:32:11.12613256",
        "meta": {
            "nf-test": "0.9.5",
            "nextflow": "26.04.6"
        }
    },
    "distinct-heritability": {
        "content": [
            [
                "example_pgen_bt_custom_model",
                "example_pgen_bt_custom_model/example_pgen_bt_custom_model.ldak_reml.reml",
                "example_pgen_bt_custom_model/example_pgen_bt_custom_model.ldak_reml.reml.liab",
                "example_pgen_bt_custom_power",
                "example_pgen_bt_custom_power/example_pgen_bt_custom_power.ldak_reml.reml",
                "example_pgen_bt_custom_power/example_pgen_bt_custom_power.ldak_reml.reml.liab",
                "example_pgen_bt_human",
                "example_pgen_bt_human/example_pgen_bt_human.ldak_reml.reml",
                "example_pgen_bt_human/example_pgen_bt_human.ldak_reml.reml.liab"
            ],
            [
                "example_pgen_bt_custom_model.ldak_reml.reml:md5,7bc6e529e788d1b48cb7f7dfd2afa018",
                "example_pgen_bt_custom_model.ldak_reml.reml.liab:md5,a2261cd42c9041b15dffcf442ce2c119",
                "example_pgen_bt_custom_power.ldak_reml.reml:md5,8e270b6595fee7a68e93eb08bb9d20c4",
                "example_pgen_bt_custom_power.ldak_reml.reml.liab:md5,7a122d7628c48fa2e3e98d70a1a635c0",
                "example_pgen_bt_human.ldak_reml.reml:md5,e3048e020ab617ec0a2396d13e7f4efb",
                "example_pgen_bt_human.ldak_reml.reml.liab:md5,a88497a44b9d91f9467cb6f4a5059840"
            ]
        ],
        "timestamp": "2026-08-12T21:15:56.06786835",
        "meta": {
            "nf-test": "0.9.3",
            "nextflow": "25.10.4"
        }
    },
    "same-weights-heritability": {
        "content": [
            [
                "example_pgen_bt_first",
                "example_pgen_bt_first/example_pgen_bt_first.ldak_reml.reml",
                "example_pgen_bt_first/example_pgen_bt_first.ldak_reml.reml.liab",
                "example_pgen_bt_second",
                "example_pgen_bt_second/example_pgen_bt_second.ldak_reml.reml",
                "example_pgen_bt_second/example_pgen_bt_second.ldak_reml.reml.liab"
            ],
            [
                "example_pgen_bt_first.ldak_reml.reml:md5,8bdd8294e7baea06d3e85254df74a50a",
                "example_pgen_bt_first.ldak_reml.reml.liab:md5,f9ba8ecd2656a24f4fa31c885b025b18",
                "example_pgen_bt_second.ldak_reml.reml:md5,a336f7e9ac96296a994ab24645ffda4f",
                "example_pgen_bt_second.ldak_reml.reml.liab:md5,494cf60f71bb73577234335cf1d706fd"
            ]
        ],
        "timestamp": "2026-08-12T21:16:44.990008736",
        "meta": {
            "nf-test": "0.9.3",
            "nextflow": "25.10.4"
        }
    }
}