{
    "versions": {
        "content": [
            {
                "CUSTOM_GCTAMERGEGRMPARTS": {
                    "coreutils": 9.5
                },
                "GCTA_MAKEGRMPART": {
                    "gcta": "1.94.1"
                },
                "GCTA_REML": {
                    "gcta": "1.94.1"
                },
                "PREPARE_GENOTYPE_SOURCE": {
                    "python": "3.14.5"
                },
                "PREPARE_PHENOTYPE_INPUTS": {
                    "python": "3.14.5"
                },
                "Workflow": {
                    "nf-core/gwas": "v1.0.0dev"
                }
            }
        ],
        "timestamp": "2026-09-10T06:09:25.330760328",
        "meta": {
            "nf-test": "0.9.5",
            "nextflow": "26.04.6"
        }
    },
    "heritability": {
        "content": [
            [
                "example_pgen_bt",
                "example_pgen_bt/example_pgen_bt.gcta_greml.hsq",
                "example_pgen_qt",
                "example_pgen_qt/example_pgen_qt.gcta_greml.hsq"
            ],
            [
                "example_pgen_bt.gcta_greml.hsq:md5,549e77997ae811ba26f1575eedeb00d7",
                "example_pgen_qt.gcta_greml.hsq:md5,3475afa4e0119452ee59e94502a1ccd7"
            ]
        ],
        "timestamp": "2026-08-12T21:20:00.721414961",
        "meta": {
            "nf-test": "0.9.3",
            "nextflow": "25.10.4"
        }
    }
}