{
    "versions": {
        "content": [
            {
                "CANONICALISE_SUMMARY_STATISTICS": {
                    "python": "3.14.5"
                },
                "GWASLAB_HARMONIZE": {
                    "gwaslab": "4.1.9",
                    "python": "3.12.13"
                },
                "LDSC_H2_OBSERVED": {
                    "ldsc": "3.0.2",
                    "ldsc_native": "3.0.1",
                    "ldsc_source_revision": "6c673952cee74bd5c57aef1555a03b1c015399a0",
                    "python": "3.9.13"
                },
                "LDSC_MUNGESUMSTATS": {
                    "ldsc": "3.0.2",
                    "ldsc_native": "3.0.1",
                    "ldsc_source_revision": "6c673952cee74bd5c57aef1555a03b1c015399a0",
                    "python": "3.9.13"
                },
                "NORMALISE_LDSC": {
                    "python": "3.14.5"
                },
                "Workflow": {
                    "nf-core/gwas": "v1.0.0dev"
                }
            }
        ],
        "meta": {
            "nf-test": "0.9.3",
            "nextflow": "25.10.4"
        },
        "timestamp": "2026-08-24T05:55:09.360012853"
    }
}