{
    "versions": {
        "content": [
            {
                "GWASLAB_HARMONIZE": {
                    "gwaslab": "4.1.9",
                    "python": "3.12.13"
                },
                "LDSC_H2": {
                    "ldsc": "6c673952cee74bd5c57aef1555a03b1c015399a0",
                    "python": "3.9.13"
                },
                "LDSC_MUNGESUMSTATS": {
                    "ldsc": "6c673952cee74bd5c57aef1555a03b1c015399a0",
                    "python": "3.9.13"
                },
                "Workflow": {
                    "nf-core/gwas": "v1.0.0dev"
                }
            }
        ],
        "timestamp": "2026-08-30T22:25:39.80754099",
        "meta": {
            "nf-test": "0.9.5",
            "nextflow": "26.04.6"
        }
    }
}
